------------------------------------------------------------
Timing Analyzer Summary
------------------------------------------------------------

Type  : Setup 'binpower18clockdivider:clkdiv_0|tff_gate:ff17|q'
Slack : -1.723
TNS   : -1.723

Type  : Setup 'binpower4buttonbouncer:btnbnc_0|tff_gate:ff02|q'
Slack : -1.234
TNS   : -1.234

Type  : Setup 'bin2bselector:shpsel_0|tff_gate:ff00|q'
Slack : -1.203
TNS   : -1.203

Type  : Setup 'bin3bcount:bin3bc_0|tff_gate:ff00|q'
Slack : -1.193
TNS   : -1.193

Type  : Setup 'binpower18clockdivider:clkdiv_0|tff_gate:ff12|q'
Slack : 0.432
TNS   : 0.000

Type  : Setup 'binpower18clockdivider:clkdiv_0|tff_gate:ff10|q'
Slack : 0.451
TNS   : 0.000

Type  : Setup 'binpower18clockdivider:clkdiv_0|tff_gate:ff14|q'
Slack : 0.461
TNS   : 0.000

Type  : Setup 'binpower18clockdivider:clkdiv_0|tff_gate:ff04|q'
Slack : 0.462
TNS   : 0.000

Type  : Setup 'binpower18clockdivider:clkdiv_0|tff_gate:ff00|q'
Slack : 0.467
TNS   : 0.000

Type  : Setup 'binpower18clockdivider:clkdiv_0|tff_gate:ff02|q'
Slack : 0.476
TNS   : 0.000

Type  : Setup 'binpower18clockdivider:clkdiv_0|tff_gate:ff08|q'
Slack : 0.478
TNS   : 0.000

Type  : Setup 'binpower18clockdivider:clkdiv_0|tff_gate:ff06|q'
Slack : 0.485
TNS   : 0.000

Type  : Setup 'binpower4buttonbouncer:btnbnc_0|tff_gate:ff01|q'
Slack : 0.485
TNS   : 0.000

Type  : Setup 'binpower18clockdivider:clkdiv_0|tff_gate:ff16|q'
Slack : 0.487
TNS   : 0.000

Type  : Setup 'binpower18clockdivider:clkdiv_0|tff_gate:ff11|q'
Slack : 0.556
TNS   : 0.000

Type  : Setup 'binpower4buttonbouncer:btnbnc_0|tff_gate:ff00|q'
Slack : 0.589
TNS   : 0.000

Type  : Setup 'binpower18clockdivider:clkdiv_0|tff_gate:ff07|q'
Slack : 0.775
TNS   : 0.000

Type  : Setup 'binpower18clockdivider:clkdiv_0|tff_gate:ff05|q'
Slack : 0.804
TNS   : 0.000

Type  : Setup 'binpower18clockdivider:clkdiv_0|tff_gate:ff09|q'
Slack : 0.806
TNS   : 0.000

Type  : Setup 'binpower18clockdivider:clkdiv_0|tff_gate:ff01|q'
Slack : 0.818
TNS   : 0.000

Type  : Setup 'binpower18clockdivider:clkdiv_0|tff_gate:ff03|q'
Slack : 1.082
TNS   : 0.000

Type  : Setup 'binpower18clockdivider:clkdiv_0|tff_gate:ff15|q'
Slack : 1.139
TNS   : 0.000

Type  : Setup 'binpower18clockdivider:clkdiv_0|tff_gate:ff13|q'
Slack : 1.934
TNS   : 0.000

Type  : Setup 'CLKIN'
Slack : 3.271
TNS   : 0.000

Type  : Setup 'BT0'
Slack : 7.274
TNS   : 0.000

Type  : Hold 'BT0'
Slack : -7.328
TNS   : -7.328

Type  : Hold 'binpower4buttonbouncer:btnbnc_0|tff_gate:ff02|q'
Slack : -4.569
TNS   : -4.569

Type  : Hold 'binpower4buttonbouncer:btnbnc_0|tff_gate:ff01|q'
Slack : -4.379
TNS   : -4.918

Type  : Hold 'binpower4buttonbouncer:btnbnc_0|tff_gate:ff00|q'
Slack : -3.846
TNS   : -4.489

Type  : Hold 'CLKIN'
Slack : -3.325
TNS   : -3.325

Type  : Hold 'binpower18clockdivider:clkdiv_0|tff_gate:ff17|q'
Slack : -2.005
TNS   : -3.801

Type  : Hold 'binpower18clockdivider:clkdiv_0|tff_gate:ff13|q'
Slack : -1.988
TNS   : -1.988

Type  : Hold 'binpower18clockdivider:clkdiv_0|tff_gate:ff15|q'
Slack : -1.193
TNS   : -1.193

Type  : Hold 'binpower18clockdivider:clkdiv_0|tff_gate:ff03|q'
Slack : -1.136
TNS   : -1.136

Type  : Hold 'binpower18clockdivider:clkdiv_0|tff_gate:ff01|q'
Slack : -0.872
TNS   : -0.872

Type  : Hold 'binpower18clockdivider:clkdiv_0|tff_gate:ff09|q'
Slack : -0.860
TNS   : -0.860

Type  : Hold 'binpower18clockdivider:clkdiv_0|tff_gate:ff05|q'
Slack : -0.858
TNS   : -0.858

Type  : Hold 'binpower18clockdivider:clkdiv_0|tff_gate:ff07|q'
Slack : -0.829
TNS   : -0.829

Type  : Hold 'binpower18clockdivider:clkdiv_0|tff_gate:ff11|q'
Slack : -0.610
TNS   : -0.610

Type  : Hold 'binpower18clockdivider:clkdiv_0|tff_gate:ff16|q'
Slack : -0.541
TNS   : -0.541

Type  : Hold 'binpower18clockdivider:clkdiv_0|tff_gate:ff06|q'
Slack : -0.539
TNS   : -0.539

Type  : Hold 'binpower18clockdivider:clkdiv_0|tff_gate:ff08|q'
Slack : -0.532
TNS   : -0.532

Type  : Hold 'binpower18clockdivider:clkdiv_0|tff_gate:ff02|q'
Slack : -0.530
TNS   : -0.530

Type  : Hold 'binpower18clockdivider:clkdiv_0|tff_gate:ff00|q'
Slack : -0.521
TNS   : -0.521

Type  : Hold 'binpower18clockdivider:clkdiv_0|tff_gate:ff04|q'
Slack : -0.516
TNS   : -0.516

Type  : Hold 'binpower18clockdivider:clkdiv_0|tff_gate:ff14|q'
Slack : -0.515
TNS   : -0.515

Type  : Hold 'binpower18clockdivider:clkdiv_0|tff_gate:ff10|q'
Slack : -0.505
TNS   : -0.505

Type  : Hold 'binpower18clockdivider:clkdiv_0|tff_gate:ff12|q'
Slack : -0.486
TNS   : -0.486

Type  : Hold 'bin3bcount:bin3bc_0|tff_gate:ff00|q'
Slack : 1.639
TNS   : 0.000

Type  : Hold 'bin2bselector:shpsel_0|tff_gate:ff00|q'
Slack : 1.649
TNS   : 0.000

Type  : Minimum Pulse Width 'BT0'
Slack : -2.289
TNS   : -2.289

Type  : Minimum Pulse Width 'CLKIN'
Slack : -2.289
TNS   : -2.289

Type  : Minimum Pulse Width 'binpower4buttonbouncer:btnbnc_0|tff_gate:ff00|q'
Slack : -0.554
TNS   : -2.260

Type  : Minimum Pulse Width 'binpower4buttonbouncer:btnbnc_0|tff_gate:ff01|q'
Slack : -0.554
TNS   : -2.260

Type  : Minimum Pulse Width 'binpower4buttonbouncer:btnbnc_0|tff_gate:ff02|q'
Slack : -0.554
TNS   : -2.260

Type  : Minimum Pulse Width 'bin2bselector:shpsel_0|tff_gate:ff00|q'
Slack : 0.234
TNS   : 0.000

Type  : Minimum Pulse Width 'bin3bcount:bin3bc_0|tff_gate:ff00|q'
Slack : 0.234
TNS   : 0.000

Type  : Minimum Pulse Width 'binpower18clockdivider:clkdiv_0|tff_gate:ff00|q'
Slack : 0.234
TNS   : 0.000

Type  : Minimum Pulse Width 'binpower18clockdivider:clkdiv_0|tff_gate:ff01|q'
Slack : 0.234
TNS   : 0.000

Type  : Minimum Pulse Width 'binpower18clockdivider:clkdiv_0|tff_gate:ff02|q'
Slack : 0.234
TNS   : 0.000

Type  : Minimum Pulse Width 'binpower18clockdivider:clkdiv_0|tff_gate:ff03|q'
Slack : 0.234
TNS   : 0.000

Type  : Minimum Pulse Width 'binpower18clockdivider:clkdiv_0|tff_gate:ff04|q'
Slack : 0.234
TNS   : 0.000

Type  : Minimum Pulse Width 'binpower18clockdivider:clkdiv_0|tff_gate:ff05|q'
Slack : 0.234
TNS   : 0.000

Type  : Minimum Pulse Width 'binpower18clockdivider:clkdiv_0|tff_gate:ff06|q'
Slack : 0.234
TNS   : 0.000

Type  : Minimum Pulse Width 'binpower18clockdivider:clkdiv_0|tff_gate:ff07|q'
Slack : 0.234
TNS   : 0.000

Type  : Minimum Pulse Width 'binpower18clockdivider:clkdiv_0|tff_gate:ff08|q'
Slack : 0.234
TNS   : 0.000

Type  : Minimum Pulse Width 'binpower18clockdivider:clkdiv_0|tff_gate:ff09|q'
Slack : 0.234
TNS   : 0.000

Type  : Minimum Pulse Width 'binpower18clockdivider:clkdiv_0|tff_gate:ff10|q'
Slack : 0.234
TNS   : 0.000

Type  : Minimum Pulse Width 'binpower18clockdivider:clkdiv_0|tff_gate:ff11|q'
Slack : 0.234
TNS   : 0.000

Type  : Minimum Pulse Width 'binpower18clockdivider:clkdiv_0|tff_gate:ff12|q'
Slack : 0.234
TNS   : 0.000

Type  : Minimum Pulse Width 'binpower18clockdivider:clkdiv_0|tff_gate:ff13|q'
Slack : 0.234
TNS   : 0.000

Type  : Minimum Pulse Width 'binpower18clockdivider:clkdiv_0|tff_gate:ff14|q'
Slack : 0.234
TNS   : 0.000

Type  : Minimum Pulse Width 'binpower18clockdivider:clkdiv_0|tff_gate:ff15|q'
Slack : 0.234
TNS   : 0.000

Type  : Minimum Pulse Width 'binpower18clockdivider:clkdiv_0|tff_gate:ff16|q'
Slack : 0.234
TNS   : 0.000

Type  : Minimum Pulse Width 'binpower18clockdivider:clkdiv_0|tff_gate:ff17|q'
Slack : 0.234
TNS   : 0.000

------------------------------------------------------------
